<?xml version="1.0" encoding="UTF-8"?>
<testng-results ignored="1" total="5" passed="4" failed="0" skipped="0">
  <reporter-output>
  </reporter-output>
  <suite started-at="2025-11-19T17:27:06 IST" name="Test case suite QTrip Apps" finished-at="2025-11-19T17:27:12 IST" duration-ms="5851">
    <groups>
      <group name="API Tests">
        <method signature="testCase_API_01.TestCase01()[pri:0, instance:qtriptest.APITests.testCase_API_01@3de8f619]" name="TestCase01" class="qtriptest.APITests.testCase_API_01"/>
        <method signature="testCase_API_02.TestCase02()[pri:0, instance:qtriptest.APITests.testCase_API_02@2de56eb2]" name="TestCase02" class="qtriptest.APITests.testCase_API_02"/>
        <method signature="testCase_API_03.TestCase03()[pri:0, instance:qtriptest.APITests.testCase_API_03@5f8e8a9d]" name="TestCase03" class="qtriptest.APITests.testCase_API_03"/>
        <method signature="testCase_API_04.TestCase04()[pri:0, instance:qtriptest.APITests.testCase_API_04@5745ca0e]" name="TestCase04" class="qtriptest.APITests.testCase_API_04"/>
      </group> <!-- API Tests -->
    </groups>
    <test started-at="2025-11-19T17:27:06 IST" name="All test class" finished-at="2025-11-19T17:27:12 IST" duration-ms="5851">
      <class name="qtriptest.APITests.testCase_API_01">
        <test-method signature="TestCase01()[pri:0, instance:qtriptest.APITests.testCase_API_01@3de8f619]" started-at="2025-11-19T17:27:07 IST" name="TestCase01" description="Verify that a new user can be registered and login using APIs of QTrip" finished-at="2025-11-19T17:27:11 IST" duration-ms="4249" status="PASS">
          <reporter-output>
          </reporter-output>
        </test-method> <!-- TestCase01 -->
      </class> <!-- qtriptest.APITests.testCase_API_01 -->
      <class name="qtriptest.APITests.testCase_API_02">
        <test-method signature="TestCase02()[pri:0, instance:qtriptest.APITests.testCase_API_02@2de56eb2]" started-at="2025-11-19T17:27:11 IST" name="TestCase02" description="Verify that the search City API Returns the correct number of results" finished-at="2025-11-19T17:27:12 IST" duration-ms="824" status="PASS">
          <reporter-output>
          </reporter-output>
        </test-method> <!-- TestCase02 -->
      </class> <!-- qtriptest.APITests.testCase_API_02 -->
      <class name="qtriptest.APITests.testCase_API_03">
        <test-method signature="TestCase03()[pri:0, instance:qtriptest.APITests.testCase_API_03@5f8e8a9d]" started-at="2025-11-19T17:27:12 IST" name="TestCase03" description="Verify that a reservation can be made using the QTrip API" finished-at="2025-11-19T17:27:12 IST" duration-ms="510" status="PASS">
          <reporter-output>
          </reporter-output>
        </test-method> <!-- TestCase03 -->
      </class> <!-- qtriptest.APITests.testCase_API_03 -->
      <class name="qtriptest.APITests.testCase_API_04">
        <test-method signature="TestCase04()[pri:0, instance:qtriptest.APITests.testCase_API_04@5745ca0e]" started-at="2025-11-19T17:27:12 IST" name="TestCase04" description="Verify that a duplicate user account cannot be created on the Qtrip Website" finished-at="2025-11-19T17:27:12 IST" duration-ms="139" status="PASS">
          <reporter-output>
          </reporter-output>
        </test-method> <!-- TestCase04 -->
      </class> <!-- qtriptest.APITests.testCase_API_04 -->
    </test> <!-- All test class -->
  </suite> <!-- Test case suite QTrip Apps -->
</testng-results>
